// Jest Snapshot v1, https://goo.gl/fbAQLP

exports[`Crawl should match snapshot 1`] = `
ShallowWrapper {
  "length": 1,
  Symbol(enzyme.__root__): [Circular],
  Symbol(enzyme.__unrendered__): <Crawl
    crawlText="string"
    date="string"
    title="string"
/>,
  Symbol(enzyme.__renderer__): Object {
    "batchedUpdates": [Function],
    "getNode": [Function],
    "render": [Function],
    "simulateEvent": [Function],
    "unmount": [Function],
  },
  Symbol(enzyme.__node__): Object {
    "instance": null,
    "key": undefined,
    "nodeType": "host",
    "props": Object {
      "children": <div
        class="crawl"
>
        <div
                class="title"
        >
                <h1>
                        string
                </h1>
        </div>
        <p>
                string
        </p>
        <p>
                string
        </p>
</div>,
      "class": "star-wars",
    },
    "ref": null,
    "rendered": Object {
      "instance": null,
      "key": undefined,
      "nodeType": "host",
      "props": Object {
        "children": Array [
          <div
            class="title"
>
            <h1>
                        string
            </h1>
</div>,
          <p>
            string
</p>,
          <p>
            string
</p>,
        ],
        "class": "crawl",
      },
      "ref": null,
      "rendered": Array [
        Object {
          "instance": null,
          "key": undefined,
          "nodeType": "host",
          "props": Object {
            "children": <h1>
              string
</h1>,
            "class": "title",
          },
          "ref": null,
          "rendered": Object {
            "instance": null,
            "key": undefined,
            "nodeType": "host",
            "props": Object {
              "children": "string",
            },
            "ref": null,
            "rendered": "string",
            "type": "h1",
          },
          "type": "div",
        },
        Object {
          "instance": null,
          "key": undefined,
          "nodeType": "host",
          "props": Object {
            "children": "string",
          },
          "ref": null,
          "rendered": "string",
          "type": "p",
        },
        Object {
          "instance": null,
          "key": undefined,
          "nodeType": "host",
          "props": Object {
            "children": "string",
          },
          "ref": null,
          "rendered": "string",
          "type": "p",
        },
      ],
      "type": "div",
    },
    "type": "section",
  },
  Symbol(enzyme.__nodes__): Array [
    Object {
      "instance": null,
      "key": undefined,
      "nodeType": "host",
      "props": Object {
        "children": <div
          class="crawl"
>
          <div
                    class="title"
          >
                    <h1>
                              string
                    </h1>
          </div>
          <p>
                    string
          </p>
          <p>
                    string
          </p>
</div>,
        "class": "star-wars",
      },
      "ref": null,
      "rendered": Object {
        "instance": null,
        "key": undefined,
        "nodeType": "host",
        "props": Object {
          "children": Array [
            <div
              class="title"
>
              <h1>
                            string
              </h1>
</div>,
            <p>
              string
</p>,
            <p>
              string
</p>,
          ],
          "class": "crawl",
        },
        "ref": null,
        "rendered": Array [
          Object {
            "instance": null,
            "key": undefined,
            "nodeType": "host",
            "props": Object {
              "children": <h1>
                string
</h1>,
              "class": "title",
            },
            "ref": null,
            "rendered": Object {
              "instance": null,
              "key": undefined,
              "nodeType": "host",
              "props": Object {
                "children": "string",
              },
              "ref": null,
              "rendered": "string",
              "type": "h1",
            },
            "type": "div",
          },
          Object {
            "instance": null,
            "key": undefined,
            "nodeType": "host",
            "props": Object {
              "children": "string",
            },
            "ref": null,
            "rendered": "string",
            "type": "p",
          },
          Object {
            "instance": null,
            "key": undefined,
            "nodeType": "host",
            "props": Object {
              "children": "string",
            },
            "ref": null,
            "rendered": "string",
            "type": "p",
          },
        ],
        "type": "div",
      },
      "type": "section",
    },
  ],
  Symbol(enzyme.__options__): Object {
    "adapter": ReactSixteenAdapter {
      "options": Object {
        "enableComponentDidUpdateOnSetState": true,
      },
    },
  },
}
`;
