// Jest Snapshot v1, https://goo.gl/fbAQLP

exports[`Header should match snapshot 1`] = `
ShallowWrapper {
  "length": 1,
  Symbol(enzyme.__root__): [Circular],
  Symbol(enzyme.__unrendered__): <Header />,
  Symbol(enzyme.__renderer__): Object {
    "batchedUpdates": [Function],
    "getNode": [Function],
    "render": [Function],
    "simulateEvent": [Function],
    "unmount": [Function],
  },
  Symbol(enzyme.__node__): Object {
    "instance": null,
    "key": undefined,
    "nodeType": "host",
    "props": Object {
      "children": Array [
        <div
          className="logo-container"
>
          <img
                    alt="star wars logo"
                    className="logo"
                    src="star-wars-logo.svg"
          />
</div>,
        <div
          className="fav-button-container"
>
          <button
                    className="show-favorites"
          >
                    View Favorites
                    <p
                              className="counter"
                    >
                              0
                    </p>
          </button>
</div>,
      ],
    },
    "ref": null,
    "rendered": Array [
      Object {
        "instance": null,
        "key": undefined,
        "nodeType": "host",
        "props": Object {
          "children": <img
            alt="star wars logo"
            className="logo"
            src="star-wars-logo.svg"
/>,
          "className": "logo-container",
        },
        "ref": null,
        "rendered": Object {
          "instance": null,
          "key": undefined,
          "nodeType": "host",
          "props": Object {
            "alt": "star wars logo",
            "className": "logo",
            "src": "star-wars-logo.svg",
          },
          "ref": null,
          "rendered": null,
          "type": "img",
        },
        "type": "div",
      },
      Object {
        "instance": null,
        "key": undefined,
        "nodeType": "host",
        "props": Object {
          "children": <button
            className="show-favorites"
>
            View Favorites
            <p
                        className="counter"
            >
                        0
            </p>
</button>,
          "className": "fav-button-container",
        },
        "ref": null,
        "rendered": Object {
          "instance": null,
          "key": undefined,
          "nodeType": "host",
          "props": Object {
            "children": Array [
              "View Favorites",
              <p
                className="counter"
>
                0
</p>,
            ],
            "className": "show-favorites",
          },
          "ref": null,
          "rendered": Array [
            "View Favorites",
            Object {
              "instance": null,
              "key": undefined,
              "nodeType": "host",
              "props": Object {
                "children": "0",
                "className": "counter",
              },
              "ref": null,
              "rendered": "0",
              "type": "p",
            },
          ],
          "type": "button",
        },
        "type": "div",
      },
    ],
    "type": "header",
  },
  Symbol(enzyme.__nodes__): Array [
    Object {
      "instance": null,
      "key": undefined,
      "nodeType": "host",
      "props": Object {
        "children": Array [
          <div
            className="logo-container"
>
            <img
                        alt="star wars logo"
                        className="logo"
                        src="star-wars-logo.svg"
            />
</div>,
          <div
            className="fav-button-container"
>
            <button
                        className="show-favorites"
            >
                        View Favorites
                        <p
                                    className="counter"
                        >
                                    0
                        </p>
            </button>
</div>,
        ],
      },
      "ref": null,
      "rendered": Array [
        Object {
          "instance": null,
          "key": undefined,
          "nodeType": "host",
          "props": Object {
            "children": <img
              alt="star wars logo"
              className="logo"
              src="star-wars-logo.svg"
/>,
            "className": "logo-container",
          },
          "ref": null,
          "rendered": Object {
            "instance": null,
            "key": undefined,
            "nodeType": "host",
            "props": Object {
              "alt": "star wars logo",
              "className": "logo",
              "src": "star-wars-logo.svg",
            },
            "ref": null,
            "rendered": null,
            "type": "img",
          },
          "type": "div",
        },
        Object {
          "instance": null,
          "key": undefined,
          "nodeType": "host",
          "props": Object {
            "children": <button
              className="show-favorites"
>
              View Favorites
              <p
                            className="counter"
              >
                            0
              </p>
</button>,
            "className": "fav-button-container",
          },
          "ref": null,
          "rendered": Object {
            "instance": null,
            "key": undefined,
            "nodeType": "host",
            "props": Object {
              "children": Array [
                "View Favorites",
                <p
                  className="counter"
>
                  0
</p>,
              ],
              "className": "show-favorites",
            },
            "ref": null,
            "rendered": Array [
              "View Favorites",
              Object {
                "instance": null,
                "key": undefined,
                "nodeType": "host",
                "props": Object {
                  "children": "0",
                  "className": "counter",
                },
                "ref": null,
                "rendered": "0",
                "type": "p",
              },
            ],
            "type": "button",
          },
          "type": "div",
        },
      ],
      "type": "header",
    },
  ],
  Symbol(enzyme.__options__): Object {
    "adapter": ReactSixteenAdapter {
      "options": Object {
        "enableComponentDidUpdateOnSetState": true,
      },
    },
  },
}
`;
